** Drc report for D:/Data/MightyFrame/GitHub/Data-General-Nova/DG Nova CPU Tester/DG Nova CPU Tester.kicad_pcb **
** Created on 2024-02-16 09:44:16 **

** Found 127 DRC violations **
[clearance]: Clearance violation (netclass 'Default' clearance 0.2000 mm; actual 0.1990 mm)
    Rule: netclass 'Default'; Severity: error
    @(328.8210 mm, 81.8060 mm): Track [~{DCHA}] on F.Cu, length 19.6490 mm
    @(321.9450 mm, 108.9660 mm): Track [~{RQENB}] on F.Cu, length 13.2908 mm
[clearance]: Clearance violation (netclass 'Default' clearance 0.2000 mm; actual 0.1990 mm)
    Rule: netclass 'Default'; Severity: error
    @(328.8210 mm, 101.4550 mm): Track [~{DCHA}] on F.Cu, length 12.3404 mm
    @(321.9450 mm, 108.9660 mm): Track [~{RQENB}] on F.Cu, length 13.2908 mm
[clearance]: Clearance violation (netclass 'Default' clearance 0.2000 mm; actual 0.1990 mm)
    Rule: netclass 'Default'; Severity: error
    @(321.9450 mm, 122.6350 mm): Track [~{RQENB}] on F.Cu, length 13.6690 mm
    @(328.8210 mm, 101.4550 mm): Track [~{DCHA}] on F.Cu, length 12.3404 mm
[clearance]: Clearance violation (netclass 'Default' clearance 0.2000 mm; actual 0.1990 mm)
    Rule: netclass 'Default'; Severity: error
    @(216.2810 mm, 76.5810 mm): Track [~{DATA9}] on B.Cu, length 3.0533 mm
    @(215.7730 mm, 76.4540 mm): Track [~{DATA13}] on B.Cu, length 3.7901 mm
[clearance]: Clearance violation (netclass 'Default' clearance 0.2000 mm; actual 0.1990 mm)
    Rule: netclass 'Default'; Severity: error
    @(216.2810 mm, 80.0100 mm): Track [~{DATA9}] on B.Cu, length 3.4290 mm
    @(215.7730 mm, 76.4540 mm): Track [~{DATA13}] on B.Cu, length 3.7901 mm
[clearance]: Clearance violation (netclass 'Default' clearance 0.2000 mm; actual 0.1990 mm)
    Rule: netclass 'Default'; Severity: error
    @(218.4400 mm, 74.4220 mm): Track [~{DATA9}] on B.Cu, length 0.2540 mm
    @(215.7730 mm, 76.4540 mm): Track [~{DATA13}] on B.Cu, length 3.7901 mm
[courtyards_overlap]: Courtyards overlap
    Rule: board setup constraints courtyard; Severity: error
    @(30.4800 mm, 46.9900 mm): Footprint RN1
    @(76.2000 mm, 46.9900 mm): Footprint RN2
[courtyards_overlap]: Courtyards overlap
    Rule: board setup constraints courtyard; Severity: error
    @(375.9200 mm, 55.4990 mm): Footprint JP2
    @(375.9200 mm, 55.4990 mm): Footprint JP2
[courtyards_overlap]: Courtyards overlap
    Rule: board setup constraints courtyard; Severity: error
    @(200.6600 mm, 46.9900 mm): Footprint RN8
    @(243.8400 mm, 46.9900 mm): Footprint RN9
[courtyards_overlap]: Courtyards overlap
    Rule: board setup constraints courtyard; Severity: error
    @(391.2870 mm, 32.6390 mm): Footprint R13
    @(375.9200 mm, 32.6390 mm): Footprint J17
[courtyards_overlap]: Courtyards overlap
    Rule: board setup constraints courtyard; Severity: error
    @(378.5870 mm, 62.4840 mm): Footprint JP3
    @(378.5870 mm, 62.4840 mm): Footprint JP3
[courtyards_overlap]: Courtyards overlap
    Rule: board setup constraints courtyard; Severity: error
    @(185.4200 mm, 27.3050 mm): Footprint D9
    @(172.7200 mm, 32.7660 mm): Footprint J18
[courtyards_overlap]: Courtyards overlap
    Rule: board setup constraints courtyard; Severity: error
    @(302.2600 mm, 27.3050 mm): Footprint D19
    @(299.7200 mm, 27.3050 mm): Footprint D18
[courtyards_overlap]: Courtyards overlap
    Rule: board setup constraints courtyard; Severity: error
    @(302.2600 mm, 27.3050 mm): Footprint D19
    @(304.8000 mm, 27.3050 mm): Footprint D20
[courtyards_overlap]: Courtyards overlap
    Rule: board setup constraints courtyard; Severity: error
    @(302.2600 mm, 27.3050 mm): Footprint D19
    @(271.7800 mm, 32.7660 mm): Footprint J10
[courtyards_overlap]: Courtyards overlap
    Rule: board setup constraints courtyard; Severity: error
    @(81.2800 mm, 43.8150 mm): Footprint BAR3
    @(106.6800 mm, 43.7075 mm): Footprint BAR4
[courtyards_overlap]: Courtyards overlap
    Rule: board setup constraints courtyard; Severity: error
    @(325.1200 mm, 27.3050 mm): Footprint D25
    @(317.5000 mm, 32.7660 mm): Footprint J13
[courtyards_overlap]: Courtyards overlap
    Rule: board setup constraints courtyard; Severity: error
    @(294.6400 mm, 27.3050 mm): Footprint D21
    @(292.1000 mm, 27.3050 mm): Footprint D17
[courtyards_overlap]: Courtyards overlap
    Rule: board setup constraints courtyard; Severity: error
    @(294.6400 mm, 27.3050 mm): Footprint D21
    @(271.7800 mm, 32.7660 mm): Footprint J10
[courtyards_overlap]: Courtyards overlap
    Rule: board setup constraints courtyard; Severity: error
    @(294.6400 mm, 27.3050 mm): Footprint D21
    @(297.1800 mm, 27.3050 mm): Footprint D22
[courtyards_overlap]: Courtyards overlap
    Rule: board setup constraints courtyard; Severity: error
    @(332.7400 mm, 27.3050 mm): Footprint D26
    @(332.7400 mm, 32.6390 mm): Footprint J14
[courtyards_overlap]: Courtyards overlap
    Rule: board setup constraints courtyard; Severity: error
    @(327.6600 mm, 37.4650 mm): Footprint R11
    @(317.5000 mm, 43.8150 mm): Footprint BAR13
[courtyards_overlap]: Courtyards overlap
    Rule: board setup constraints courtyard; Severity: error
    @(327.6600 mm, 37.4650 mm): Footprint R11
    @(317.5000 mm, 32.7660 mm): Footprint J13
[courtyards_overlap]: Courtyards overlap
    Rule: board setup constraints courtyard; Severity: error
    @(347.9800 mm, 32.6390 mm): Footprint J11
    @(373.3800 mm, 37.4650 mm): Footprint R15
[courtyards_overlap]: Courtyards overlap
    Rule: board setup constraints courtyard; Severity: error
    @(287.0200 mm, 27.3050 mm): Footprint D12
    @(271.7800 mm, 32.7660 mm): Footprint J10
[courtyards_overlap]: Courtyards overlap
    Rule: board setup constraints courtyard; Severity: error
    @(287.0200 mm, 27.3050 mm): Footprint D12
    @(289.5600 mm, 27.3050 mm): Footprint D16
[courtyards_overlap]: Courtyards overlap
    Rule: board setup constraints courtyard; Severity: error
    @(76.2000 mm, 46.9900 mm): Footprint RN2
    @(78.7400 mm, 46.9900 mm): Footprint RN3
[courtyards_overlap]: Courtyards overlap
    Rule: board setup constraints courtyard; Severity: error
    @(309.8800 mm, 43.8150 mm): Footprint BAR12
    @(304.8000 mm, 46.3550 mm): Footprint R10
[courtyards_overlap]: Courtyards overlap
    Rule: board setup constraints courtyard; Severity: error
    @(78.7400 mm, 46.9900 mm): Footprint RN3
    @(121.9200 mm, 46.9900 mm): Footprint RN4
[courtyards_overlap]: Courtyards overlap
    Rule: board setup constraints courtyard; Severity: error
    @(314.9600 mm, 46.9900 mm): Footprint RN13
    @(312.4200 mm, 51.4350 mm): Footprint R9
[courtyards_overlap]: Courtyards overlap
    Rule: board setup constraints courtyard; Severity: error
    @(33.0200 mm, 32.7660 mm): Footprint J9
    @(71.1200 mm, 27.3050 mm): Footprint D7
[courtyards_overlap]: Courtyards overlap
    Rule: board setup constraints courtyard; Severity: error
    @(124.4600 mm, 43.8150 mm): Footprint BAR5
    @(149.8600 mm, 43.8150 mm): Footprint BAR6
[courtyards_overlap]: Courtyards overlap
    Rule: board setup constraints courtyard; Severity: error
    @(332.7400 mm, 43.8150 mm): Footprint BAR14
    @(342.9000 mm, 37.4650 mm): Footprint R14
[courtyards_overlap]: Courtyards overlap
    Rule: board setup constraints courtyard; Severity: error
    @(332.7400 mm, 43.8150 mm): Footprint BAR14
    @(330.2000 mm, 37.4650 mm): Footprint R12
[courtyards_overlap]: Courtyards overlap
    Rule: board setup constraints courtyard; Severity: error
    @(299.7200 mm, 27.3050 mm): Footprint D18
    @(271.7800 mm, 32.7660 mm): Footprint J10
[courtyards_overlap]: Courtyards overlap
    Rule: board setup constraints courtyard; Severity: error
    @(299.7200 mm, 27.3050 mm): Footprint D18
    @(297.1800 mm, 27.3050 mm): Footprint D22
[courtyards_overlap]: Courtyards overlap
    Rule: board setup constraints courtyard; Severity: error
    @(121.9200 mm, 46.9900 mm): Footprint RN5
    @(165.1000 mm, 46.9900 mm): Footprint RN6
[courtyards_overlap]: Courtyards overlap
    Rule: board setup constraints courtyard; Severity: error
    @(121.9200 mm, 46.9900 mm): Footprint RN5
    @(121.9200 mm, 46.9900 mm): Footprint RN4
[courtyards_overlap]: Courtyards overlap
    Rule: board setup constraints courtyard; Severity: error
    @(261.6200 mm, 27.3050 mm): Footprint D14
    @(264.1600 mm, 27.3050 mm): Footprint D15
[courtyards_overlap]: Courtyards overlap
    Rule: board setup constraints courtyard; Severity: error
    @(261.6200 mm, 27.3050 mm): Footprint D14
    @(259.0800 mm, 27.3050 mm): Footprint D13
[courtyards_overlap]: Courtyards overlap
    Rule: board setup constraints courtyard; Severity: error
    @(261.6200 mm, 27.3050 mm): Footprint D14
    @(246.3800 mm, 32.7660 mm): Footprint J12
[courtyards_overlap]: Courtyards overlap
    Rule: board setup constraints courtyard; Severity: error
    @(58.4200 mm, 43.8150 mm): Footprint BAR2
    @(33.0200 mm, 43.8150 mm): Footprint BAR1
[courtyards_overlap]: Courtyards overlap
    Rule: board setup constraints courtyard; Severity: error
    @(264.1600 mm, 27.3050 mm): Footprint D15
    @(246.3800 mm, 32.7660 mm): Footprint J12
[courtyards_overlap]: Courtyards overlap
    Rule: board setup constraints courtyard; Severity: error
    @(307.3400 mm, 27.3050 mm): Footprint D23
    @(304.8000 mm, 27.3050 mm): Footprint D20
[courtyards_overlap]: Courtyards overlap
    Rule: board setup constraints courtyard; Severity: error
    @(307.3400 mm, 27.3050 mm): Footprint D23
    @(271.7800 mm, 32.7660 mm): Footprint J10
[courtyards_overlap]: Courtyards overlap
    Rule: board setup constraints courtyard; Severity: error
    @(172.7200 mm, 32.7660 mm): Footprint J18
    @(190.5000 mm, 27.3050 mm): Footprint D10
[courtyards_overlap]: Courtyards overlap
    Rule: board setup constraints courtyard; Severity: error
    @(172.7200 mm, 32.7660 mm): Footprint J18
    @(193.0400 mm, 27.3050 mm): Footprint D11
[courtyards_overlap]: Courtyards overlap
    Rule: board setup constraints courtyard; Severity: error
    @(167.6400 mm, 27.3050 mm): Footprint D8
    @(124.4600 mm, 32.7660 mm): Footprint J7
[courtyards_overlap]: Courtyards overlap
    Rule: board setup constraints courtyard; Severity: error
    @(190.5000 mm, 27.3050 mm): Footprint D10
    @(193.0400 mm, 27.3050 mm): Footprint D11
[courtyards_overlap]: Courtyards overlap
    Rule: board setup constraints courtyard; Severity: error
    @(337.8200 mm, 27.3050 mm): Footprint D24
    @(332.7400 mm, 32.6390 mm): Footprint J14
[courtyards_overlap]: Courtyards overlap
    Rule: board setup constraints courtyard; Severity: error
    @(342.9000 mm, 37.4650 mm): Footprint R14
    @(332.7400 mm, 32.6390 mm): Footprint J14
[courtyards_overlap]: Courtyards overlap
    Rule: board setup constraints courtyard; Severity: error
    @(243.8400 mm, 46.9900 mm): Footprint RN9
    @(243.8400 mm, 46.9900 mm): Footprint RN10
[courtyards_overlap]: Courtyards overlap
    Rule: board setup constraints courtyard; Severity: error
    @(228.6000 mm, 43.8150 mm): Footprint BAR9
    @(203.2000 mm, 43.8150 mm): Footprint BAR8
[courtyards_overlap]: Courtyards overlap
    Rule: board setup constraints courtyard; Severity: error
    @(292.1000 mm, 27.3050 mm): Footprint D17
    @(271.7800 mm, 32.7660 mm): Footprint J10
[courtyards_overlap]: Courtyards overlap
    Rule: board setup constraints courtyard; Severity: error
    @(292.1000 mm, 27.3050 mm): Footprint D17
    @(289.5600 mm, 27.3050 mm): Footprint D16
[courtyards_overlap]: Courtyards overlap
    Rule: board setup constraints courtyard; Severity: error
    @(304.8000 mm, 27.3050 mm): Footprint D20
    @(271.7800 mm, 32.7660 mm): Footprint J10
[courtyards_overlap]: Courtyards overlap
    Rule: board setup constraints courtyard; Severity: error
    @(259.0800 mm, 27.3050 mm): Footprint D13
    @(246.3800 mm, 32.7660 mm): Footprint J12
[courtyards_overlap]: Courtyards overlap
    Rule: board setup constraints courtyard; Severity: error
    @(373.3800 mm, 37.4650 mm): Footprint R15
    @(375.9200 mm, 43.8150 mm): Footprint BAR16
[courtyards_overlap]: Courtyards overlap
    Rule: board setup constraints courtyard; Severity: error
    @(373.3800 mm, 37.4650 mm): Footprint R15
    @(347.9800 mm, 43.8150 mm): Footprint BAR15
[courtyards_overlap]: Courtyards overlap
    Rule: board setup constraints courtyard; Severity: error
    @(373.3800 mm, 37.4650 mm): Footprint R15
    @(375.9200 mm, 32.6390 mm): Footprint J17
[courtyards_overlap]: Courtyards overlap
    Rule: board setup constraints courtyard; Severity: error
    @(381.0000 mm, 27.3050 mm): Footprint D27
    @(375.9200 mm, 32.6390 mm): Footprint J17
[courtyards_overlap]: Courtyards overlap
    Rule: board setup constraints courtyard; Severity: error
    @(271.7800 mm, 32.7660 mm): Footprint J10
    @(289.5600 mm, 27.3050 mm): Footprint D16
[courtyards_overlap]: Courtyards overlap
    Rule: board setup constraints courtyard; Severity: error
    @(271.7800 mm, 32.7660 mm): Footprint J10
    @(297.1800 mm, 27.3050 mm): Footprint D22
[courtyards_overlap]: Courtyards overlap
    Rule: board setup constraints courtyard; Severity: error
    @(375.9200 mm, 32.6390 mm): Footprint J17
    @(375.9200 mm, 27.3050 mm): Footprint D28
[courtyards_overlap]: Courtyards overlap
    Rule: board setup constraints courtyard; Severity: error
    @(330.2000 mm, 37.4650 mm): Footprint R12
    @(332.7400 mm, 32.6390 mm): Footprint J14
[copper_edge_clearance]: Board edge clearance violation (board setup constraints edge clearance 0.0750 mm; actual 0.0740 mm)
    Rule: board setup constraints edge; Severity: error
    @(28.4490 mm, 151.7660 mm): Line on Edge.Cuts
    @(430.6570 mm, 149.7330 mm): Track [+5V] on B.Cu, length 1.7791 mm
[copper_edge_clearance]: Board edge clearance violation (board setup constraints edge clearance 0.0750 mm; actual 0.0740 mm)
    Rule: board setup constraints edge; Severity: error
    @(28.4490 mm, 151.7660 mm): Line on Edge.Cuts
    @(429.3990 mm, 150.9910 mm): Track [+5V] on B.Cu, length 385.5960 mm
[copper_edge_clearance]: Board edge clearance violation (board setup constraints edge clearance 0.075 mm; actual 0.074963 mm)
    Rule: board setup constraints edge; Severity: error
    @(28.4490 mm, 151.7660 mm): Line on Edge.Cuts
    @(43.8030 mm, 150.9910 mm): Track [+5V] on B.Cu, length 0.1626 mm
[copper_edge_clearance]: Board edge clearance violation (board setup constraints edge clearance 0.0750 mm; actual 0.0000 mm)
    Rule: board setup constraints edge; Severity: error
    @(15.8100 mm, 49.6200 mm): Line on Edge.Cuts
    @(19.9600 mm, 51.4350 mm): Pad 1 [GND] of J5 on B.Cu
[copper_edge_clearance]: Board edge clearance violation (board setup constraints edge clearance 0.0750 mm; actual 0.0000 mm)
    Rule: board setup constraints edge; Severity: error
    @(15.8100 mm, 49.6200 mm): Line on Edge.Cuts
    @(19.9600 mm, 54.6100 mm): Pad 2 [~{MEM15}] of J5 on B.Cu
[copper_edge_clearance]: Board edge clearance violation (board setup constraints edge clearance 0.0750 mm; actual 0.0000 mm)
    Rule: board setup constraints edge; Severity: error
    @(15.8100 mm, 49.6200 mm): Line on Edge.Cuts
    @(19.9600 mm, 57.7850 mm): Pad 3 [~{MEM14}] of J5 on B.Cu
[copper_edge_clearance]: Board edge clearance violation (board setup constraints edge clearance 0.0750 mm; actual 0.0000 mm)
    Rule: board setup constraints edge; Severity: error
    @(15.8100 mm, 49.6200 mm): Line on Edge.Cuts
    @(19.9600 mm, 60.9600 mm): Pad 4 [~{MBO13}] of J5 on B.Cu
[copper_edge_clearance]: Board edge clearance violation (board setup constraints edge clearance 0.0750 mm; actual 0.0000 mm)
    Rule: board setup constraints edge; Severity: error
    @(15.8100 mm, 49.6200 mm): Line on Edge.Cuts
    @(19.9600 mm, 64.1350 mm): Pad 5 [~{MEM12}] of J5 on B.Cu
[copper_edge_clearance]: Board edge clearance violation (board setup constraints edge clearance 0.0750 mm; actual 0.0000 mm)
    Rule: board setup constraints edge; Severity: error
    @(15.8100 mm, 49.6200 mm): Line on Edge.Cuts
    @(19.9600 mm, 67.3100 mm): Pad 6 [~{MBO11}] of J5 on B.Cu
[copper_edge_clearance]: Board edge clearance violation (board setup constraints edge clearance 0.0750 mm; actual 0.0000 mm)
    Rule: board setup constraints edge; Severity: error
    @(15.8100 mm, 49.6200 mm): Line on Edge.Cuts
    @(19.9600 mm, 70.4850 mm): Pad 7 [~{MEM9}] of J5 on B.Cu
[copper_edge_clearance]: Board edge clearance violation (board setup constraints edge clearance 0.0750 mm; actual 0.0000 mm)
    Rule: board setup constraints edge; Severity: error
    @(15.8100 mm, 49.6200 mm): Line on Edge.Cuts
    @(19.9600 mm, 73.6600 mm): Pad 8 [~{MBO9}] of J5 on B.Cu
[copper_edge_clearance]: Board edge clearance violation (board setup constraints edge clearance 0.0750 mm; actual 0.0000 mm)
    Rule: board setup constraints edge; Severity: error
    @(15.8100 mm, 49.6200 mm): Line on Edge.Cuts
    @(19.9600 mm, 76.8350 mm): Pad 9 [~{MBO7}] of J5 on B.Cu
[copper_edge_clearance]: Board edge clearance violation (board setup constraints edge clearance 0.0750 mm; actual 0.0000 mm)
    Rule: board setup constraints edge; Severity: error
    @(15.8100 mm, 49.6200 mm): Line on Edge.Cuts
    @(19.9600 mm, 80.0100 mm): Pad 10 [~{MEM6}] of J5 on B.Cu
[copper_edge_clearance]: Board edge clearance violation (board setup constraints edge clearance 0.0750 mm; actual 0.0000 mm)
    Rule: board setup constraints edge; Severity: error
    @(15.8100 mm, 49.6200 mm): Line on Edge.Cuts
    @(19.9600 mm, 83.1850 mm): Pad 11 [~{MBO5}] of J5 on B.Cu
[copper_edge_clearance]: Board edge clearance violation (board setup constraints edge clearance 0.0750 mm; actual 0.0000 mm)
    Rule: board setup constraints edge; Severity: error
    @(15.8100 mm, 49.6200 mm): Line on Edge.Cuts
    @(19.9600 mm, 86.3600 mm): Pad 12 [~{MBO14}] of J5 on B.Cu
[copper_edge_clearance]: Board edge clearance violation (board setup constraints edge clearance 0.0750 mm; actual 0.0000 mm)
    Rule: board setup constraints edge; Severity: error
    @(15.8100 mm, 49.6200 mm): Line on Edge.Cuts
    @(19.9600 mm, 89.3850 mm): Pad 13 [~{MEM2}] of J5 on B.Cu
[copper_edge_clearance]: Board edge clearance violation (board setup constraints edge clearance 0.0750 mm; actual 0.0150 mm)
    Rule: board setup constraints edge; Severity: error
    @(30.8100 mm, 92.1200 mm): Line on Edge.Cuts
    @(19.9600 mm, 92.8600 mm): Pad 14 [~{MBO1}] of J5 on B.Cu
[copper_edge_clearance]: Board edge clearance violation (board setup constraints edge clearance 0.0750 mm; actual 0.0000 mm)
    Rule: board setup constraints edge; Severity: error
    @(15.8100 mm, 132.6200 mm): Line on Edge.Cuts
    @(19.9600 mm, 95.8850 mm): Pad 15 [~{MBO2}] of J5 on B.Cu
[copper_edge_clearance]: Board edge clearance violation (board setup constraints edge clearance 0.0750 mm; actual 0.0000 mm)
    Rule: board setup constraints edge; Severity: error
    @(15.8100 mm, 132.6200 mm): Line on Edge.Cuts
    @(19.9600 mm, 99.0600 mm): Pad 16 [~{MBO4}] of J5 on B.Cu
[copper_edge_clearance]: Board edge clearance violation (board setup constraints edge clearance 0.0750 mm; actual 0.0000 mm)
    Rule: board setup constraints edge; Severity: error
    @(15.8100 mm, 132.6200 mm): Line on Edge.Cuts
    @(19.9600 mm, 102.2350 mm): Pad 17 [unconnected-(J5-Pin_17-Pad17)] of J5 on B.Cu
[copper_edge_clearance]: Board edge clearance violation (board setup constraints edge clearance 0.0750 mm; actual 0.0000 mm)
    Rule: board setup constraints edge; Severity: error
    @(15.8100 mm, 132.6200 mm): Line on Edge.Cuts
    @(19.9600 mm, 105.4100 mm): Pad 18 [~{MBO8}] of J5 on B.Cu
[copper_edge_clearance]: Board edge clearance violation (board setup constraints edge clearance 0.0750 mm; actual 0.0000 mm)
    Rule: board setup constraints edge; Severity: error
    @(15.8100 mm, 132.6200 mm): Line on Edge.Cuts
    @(19.9600 mm, 108.5850 mm): Pad 19 [RESTART ENABLE] of J5 on B.Cu
[copper_edge_clearance]: Board edge clearance violation (board setup constraints edge clearance 0.0750 mm; actual 0.0000 mm)
    Rule: board setup constraints edge; Severity: error
    @(15.8100 mm, 132.6200 mm): Line on Edge.Cuts
    @(19.9600 mm, 111.7600 mm): Pad 20 [~{RST}] of J5 on B.Cu
[copper_edge_clearance]: Board edge clearance violation (board setup constraints edge clearance 0.0750 mm; actual 0.0000 mm)
    Rule: board setup constraints edge; Severity: error
    @(15.8100 mm, 132.6200 mm): Line on Edge.Cuts
    @(19.9600 mm, 114.9350 mm): Pad 21 [~{CON RQ}] of J5 on B.Cu
[copper_edge_clearance]: Board edge clearance violation (board setup constraints edge clearance 0.0750 mm; actual 0.0000 mm)
    Rule: board setup constraints edge; Severity: error
    @(15.8100 mm, 132.6200 mm): Line on Edge.Cuts
    @(19.9600 mm, 118.1100 mm): Pad 22 [~{CON INST}] of J5 on B.Cu
[copper_edge_clearance]: Board edge clearance violation (board setup constraints edge clearance 0.0750 mm; actual 0.0000 mm)
    Rule: board setup constraints edge; Severity: error
    @(15.8100 mm, 132.6200 mm): Line on Edge.Cuts
    @(19.9600 mm, 121.2850 mm): Pad 23 [~{PL}] of J5 on B.Cu
[copper_edge_clearance]: Board edge clearance violation (board setup constraints edge clearance 0.0750 mm; actual 0.0000 mm)
    Rule: board setup constraints edge; Severity: error
    @(15.8100 mm, 132.6200 mm): Line on Edge.Cuts
    @(19.9600 mm, 124.4600 mm): Pad 24 [~{ISTP}] of J5 on B.Cu
[copper_edge_clearance]: Board edge clearance violation (board setup constraints edge clearance 0.0750 mm; actual 0.0000 mm)
    Rule: board setup constraints edge; Severity: error
    @(15.8100 mm, 132.6200 mm): Line on Edge.Cuts
    @(19.9600 mm, 127.6350 mm): Pad 25 [~{ION}] of J5 on B.Cu
[copper_edge_clearance]: Board edge clearance violation (board setup constraints edge clearance 0.0750 mm; actual 0.0000 mm)
    Rule: board setup constraints edge; Severity: error
    @(15.8100 mm, 132.6200 mm): Line on Edge.Cuts
    @(19.9600 mm, 130.8100 mm): Pad 26 [~{RUN}] of J5 on B.Cu
[copper_edge_clearance]: Board edge clearance violation (board setup constraints edge clearance 0.0750 mm; actual 0.0000 mm)
    Rule: board setup constraints edge; Severity: error
    @(15.8100 mm, 49.6200 mm): Line on Edge.Cuts
    @(19.9600 mm, 51.4350 mm): Pad 27 [+5V] of J5 on F.Cu
[copper_edge_clearance]: Board edge clearance violation (board setup constraints edge clearance 0.0750 mm; actual 0.0000 mm)
    Rule: board setup constraints edge; Severity: error
    @(15.8100 mm, 49.6200 mm): Line on Edge.Cuts
    @(19.9600 mm, 54.6100 mm): Pad 28 [~{MBO15}] of J5 on F.Cu
[copper_edge_clearance]: Board edge clearance violation (board setup constraints edge clearance 0.0750 mm; actual 0.0000 mm)
    Rule: board setup constraints edge; Severity: error
    @(15.8100 mm, 49.6200 mm): Line on Edge.Cuts
    @(19.9600 mm, 57.7850 mm): Pad 29 [~{MEM13}] of J5 on F.Cu
[copper_edge_clearance]: Board edge clearance violation (board setup constraints edge clearance 0.0750 mm; actual 0.0000 mm)
    Rule: board setup constraints edge; Severity: error
    @(15.8100 mm, 49.6200 mm): Line on Edge.Cuts
    @(19.9600 mm, 60.9600 mm): Pad 30 [~{MBO12}] of J5 on F.Cu
[copper_edge_clearance]: Board edge clearance violation (board setup constraints edge clearance 0.0750 mm; actual 0.0000 mm)
    Rule: board setup constraints edge; Severity: error
    @(15.8100 mm, 49.6200 mm): Line on Edge.Cuts
    @(19.9600 mm, 64.1350 mm): Pad 31 [~{MEM11}] of J5 on F.Cu
[copper_edge_clearance]: Board edge clearance violation (board setup constraints edge clearance 0.0750 mm; actual 0.0000 mm)
    Rule: board setup constraints edge; Severity: error
    @(15.8100 mm, 49.6200 mm): Line on Edge.Cuts
    @(19.9600 mm, 67.3100 mm): Pad 32 [~{MEM10}] of J5 on F.Cu
[copper_edge_clearance]: Board edge clearance violation (board setup constraints edge clearance 0.0750 mm; actual 0.0000 mm)
    Rule: board setup constraints edge; Severity: error
    @(15.8100 mm, 49.6200 mm): Line on Edge.Cuts
    @(19.9600 mm, 70.4850 mm): Pad 33 [+12V Lamp] of J5 on F.Cu
[copper_edge_clearance]: Board edge clearance violation (board setup constraints edge clearance 0.0750 mm; actual 0.0000 mm)
    Rule: board setup constraints edge; Severity: error
    @(15.8100 mm, 49.6200 mm): Line on Edge.Cuts
    @(19.9600 mm, 73.6600 mm): Pad 34 [~{MEM8}] of J5 on F.Cu
[copper_edge_clearance]: Board edge clearance violation (board setup constraints edge clearance 0.0750 mm; actual 0.0000 mm)
    Rule: board setup constraints edge; Severity: error
    @(15.8100 mm, 49.6200 mm): Line on Edge.Cuts
    @(19.9600 mm, 76.8350 mm): Pad 35 [~{MBO6}] of J5 on F.Cu
[copper_edge_clearance]: Board edge clearance violation (board setup constraints edge clearance 0.0750 mm; actual 0.0000 mm)
    Rule: board setup constraints edge; Severity: error
    @(15.8100 mm, 49.6200 mm): Line on Edge.Cuts
    @(19.9600 mm, 80.0100 mm): Pad 36 [~{MEM5}] of J5 on F.Cu
[copper_edge_clearance]: Board edge clearance violation (board setup constraints edge clearance 0.0750 mm; actual 0.0000 mm)
    Rule: board setup constraints edge; Severity: error
    @(15.8100 mm, 49.6200 mm): Line on Edge.Cuts
    @(19.9600 mm, 83.1850 mm): Pad 37 [~{MEM4}] of J5 on F.Cu
[copper_edge_clearance]: Board edge clearance violation (board setup constraints edge clearance 0.0750 mm; actual 0.0000 mm)
    Rule: board setup constraints edge; Severity: error
    @(15.8100 mm, 49.6200 mm): Line on Edge.Cuts
    @(19.9600 mm, 86.3600 mm): Pad 38 [~{MBO3}] of J5 on F.Cu
[copper_edge_clearance]: Board edge clearance violation (board setup constraints edge clearance 0.0750 mm; actual 0.0000 mm)
    Rule: board setup constraints edge; Severity: error
    @(15.8100 mm, 49.6200 mm): Line on Edge.Cuts
    @(19.9600 mm, 89.3850 mm): Pad 39 [~{MEM0}] of J5 on F.Cu
[copper_edge_clearance]: Board edge clearance violation (board setup constraints edge clearance 0.0750 mm; actual 0.0150 mm)
    Rule: board setup constraints edge; Severity: error
    @(30.8100 mm, 92.1200 mm): Line on Edge.Cuts
    @(19.9600 mm, 92.8600 mm): Pad 40 [GND] of J5 on F.Cu
[copper_edge_clearance]: Board edge clearance violation (board setup constraints edge clearance 0.0750 mm; actual 0.0000 mm)
    Rule: board setup constraints edge; Severity: error
    @(15.8100 mm, 132.6200 mm): Line on Edge.Cuts
    @(19.9600 mm, 95.8850 mm): Pad 41 [~{MEM1}] of J5 on F.Cu
[copper_edge_clearance]: Board edge clearance violation (board setup constraints edge clearance 0.0750 mm; actual 0.0000 mm)
    Rule: board setup constraints edge; Severity: error
    @(15.8100 mm, 132.6200 mm): Line on Edge.Cuts
    @(19.9600 mm, 99.0600 mm): Pad 42 [~{MEM7}] of J5 on F.Cu
[copper_edge_clearance]: Board edge clearance violation (board setup constraints edge clearance 0.0750 mm; actual 0.0000 mm)
    Rule: board setup constraints edge; Severity: error
    @(15.8100 mm, 132.6200 mm): Line on Edge.Cuts
    @(19.9600 mm, 102.2350 mm): Pad 43 [~{MEM3}] of J5 on F.Cu
[copper_edge_clearance]: Board edge clearance violation (board setup constraints edge clearance 0.0750 mm; actual 0.0000 mm)
    Rule: board setup constraints edge; Severity: error
    @(15.8100 mm, 132.6200 mm): Line on Edge.Cuts
    @(19.9600 mm, 105.4100 mm): Pad 44 [~{MBO10}] of J5 on F.Cu
[copper_edge_clearance]: Board edge clearance violation (board setup constraints edge clearance 0.0750 mm; actual 0.0000 mm)
    Rule: board setup constraints edge; Severity: error
    @(15.8100 mm, 132.6200 mm): Line on Edge.Cuts
    @(19.9600 mm, 108.5850 mm): Pad 45 [~{STOP}] of J5 on F.Cu
[copper_edge_clearance]: Board edge clearance violation (board setup constraints edge clearance 0.0750 mm; actual 0.0000 mm)
    Rule: board setup constraints edge; Severity: error
    @(15.8100 mm, 132.6200 mm): Line on Edge.Cuts
    @(19.9600 mm, 111.7600 mm): Pad 46 [~{CON DATA}] of J5 on F.Cu
[copper_edge_clearance]: Board edge clearance violation (board setup constraints edge clearance 0.0750 mm; actual 0.0000 mm)
    Rule: board setup constraints edge; Severity: error
    @(15.8100 mm, 132.6200 mm): Line on Edge.Cuts
    @(19.9600 mm, 114.9350 mm): Pad 47 [~{CONT+ISTP+MSTP}] of J5 on F.Cu
[copper_edge_clearance]: Board edge clearance violation (board setup constraints edge clearance 0.0750 mm; actual 0.0000 mm)
    Rule: board setup constraints edge; Severity: error
    @(15.8100 mm, 132.6200 mm): Line on Edge.Cuts
    @(19.9600 mm, 118.1100 mm): Pad 48 [~{MSTP}] of J5 on F.Cu
[copper_edge_clearance]: Board edge clearance violation (board setup constraints edge clearance 0.0750 mm; actual 0.0000 mm)
    Rule: board setup constraints edge; Severity: error
    @(15.8100 mm, 132.6200 mm): Line on Edge.Cuts
    @(19.9600 mm, 121.2850 mm): Pad 49 [~{CARRY}] of J5 on F.Cu
[copper_edge_clearance]: Board edge clearance violation (board setup constraints edge clearance 0.0750 mm; actual 0.0000 mm)
    Rule: board setup constraints edge; Severity: error
    @(15.8100 mm, 132.6200 mm): Line on Edge.Cuts
    @(19.9600 mm, 124.4600 mm): Pad 50 [~{FETCH}] of J5 on F.Cu
[copper_edge_clearance]: Board edge clearance violation (board setup constraints edge clearance 0.0750 mm; actual 0.0000 mm)
    Rule: board setup constraints edge; Severity: error
    @(15.8100 mm, 132.6200 mm): Line on Edge.Cuts
    @(19.9600 mm, 127.6350 mm): Pad 51 [~{EXEC}] of J5 on F.Cu
[copper_edge_clearance]: Board edge clearance violation (board setup constraints edge clearance 0.0750 mm; actual 0.0000 mm)
    Rule: board setup constraints edge; Severity: error
    @(15.8100 mm, 132.6200 mm): Line on Edge.Cuts
    @(19.9600 mm, 130.8100 mm): Pad 52 [~{DEFER}] of J5 on F.Cu
[starved_thermal]: Thermal relief connection to zone incomplete (zone min spoke count 2; actual 1)
    Local override; Severity: error
    @(404.6220 mm, 45.0850 mm): Zone [GND After Meter] on F.Cu
    @(422.5100 mm, 72.8100 mm): PTH pad 3 [GND After Meter] of J4
[starved_thermal]: Thermal relief connection to zone incomplete (zone min spoke count 2; actual 1)
    Local override; Severity: error
    @(15.4940 mm, 16.1290 mm): Zone [+5V] on B.Cu
    @(59.3090 mm, 106.8070 mm): PTH pad 5V4 [+5V] of XA1
[starved_thermal]: Thermal relief connection to zone incomplete (zone min spoke count 2; actual 1)
    Local override; Severity: error
    @(14.0970 mm, 13.7160 mm): Zone [GND] on F.Cu
    @(120.0150 mm, 122.5550 mm): PTH pad 33 [GND] of J15
[starved_thermal]: Thermal relief connection to zone incomplete (zone min spoke count 2; actual 1)
    Local override; Severity: error
    @(15.4940 mm, 16.1290 mm): Zone [+5V] on B.Cu
    @(36.1950 mm, 51.4350 mm): PTH pad 27 [+5V] of Front Panel Socket1
[starved_thermal]: Thermal relief connection to zone incomplete (zone min spoke count 2; actual 1)
    Local override; Severity: error
    @(14.0970 mm, 13.7160 mm): Zone [GND] on F.Cu
    @(362.9660 mm, 83.8200 mm): PTH pad 1 [GND] of Teensy 4.1
[starved_thermal]: Thermal relief connection to zone incomplete (zone min spoke count 2; actual 1)
    Local override; Severity: error
    @(14.0970 mm, 13.7160 mm): Zone [GND] on F.Cu
    @(347.9960 mm, 94.6216 mm): PTH pad 64 [GND] of Teensy 4.1
[starved_thermal]: Thermal relief connection to zone incomplete (zone min spoke count 2; actual 1)
    Local override; Severity: error
    @(14.0970 mm, 13.7160 mm): Zone [GND] on F.Cu
    @(278.1200 mm, 97.3500 mm): PTH pad 1 [GND] of SW3

** Found 11 unconnected pads **
[unconnected_items]: Missing connection between items
    Local override; Severity: error
    @(334.6450 mm, 128.9050 mm): PTH pad 50 [GND] of J16
    @(14.0970 mm, 13.7160 mm): Zone [GND] on F.Cu
[unconnected_items]: Missing connection between items
    Local override; Severity: error
    @(334.6450 mm, 128.9050 mm): PTH pad 50 [GND] of J16
    @(14.0970 mm, 13.7160 mm): Zone [GND] on F.Cu
[unconnected_items]: Missing connection between items
    Local override; Severity: error
    @(75.5650 mm, 128.8250 mm): PTH pad 6 [-5V] of J15
    @(385.4450 mm, 122.6350 mm): Track [-5V] on F.Cu, length 5.4140 mm
[unconnected_items]: Missing connection between items
    Local override; Severity: error
    @(97.7900 mm, 128.8250 mm): PTH pad 20 [INH GND] of J15
    @(100.9650 mm, 128.8250 mm): PTH pad 22 [INH GND] of J15
[unconnected_items]: Missing connection between items
    Local override; Severity: error
    @(88.2650 mm, 128.8250 mm): PTH pad 14 [INH GND] of J15
    @(91.4400 mm, 128.8250 mm): PTH pad 16 [INH GND] of J15
[unconnected_items]: Missing connection between items
    Local override; Severity: error
    @(91.4400 mm, 128.8250 mm): PTH pad 16 [INH GND] of J15
    @(97.7900 mm, 128.8250 mm): PTH pad 20 [INH GND] of J15
[unconnected_items]: Missing connection between items
    Local override; Severity: error
    @(100.9650 mm, 128.8250 mm): PTH pad 22 [INH GND] of J15
    @(107.3150 mm, 128.8250 mm): PTH pad 26 [INH GND] of J15
[unconnected_items]: Missing connection between items
    Local override; Severity: error
    @(107.3150 mm, 128.8250 mm): PTH pad 26 [INH GND] of J15
    @(113.6650 mm, 128.8250 mm): PTH pad 30 [INH GND] of J15
[unconnected_items]: Missing connection between items
    Local override; Severity: error
    @(113.6650 mm, 128.8250 mm): PTH pad 30 [INH GND] of J15
    @(116.8400 mm, 122.5550 mm): PTH pad 31 [INH GND] of J15
[unconnected_items]: Missing connection between items
    Local override; Severity: error
    @(78.7400 mm, 128.8250 mm): PTH pad 8 [INH GND] of J15
    @(88.2650 mm, 128.8250 mm): PTH pad 14 [INH GND] of J15
[unconnected_items]: Missing connection between items
    Local override; Severity: error
    @(81.9150 mm, 128.8250 mm): PTH pad 10 [+VINH] of J15
    @(388.6200 mm, 128.9050 mm): PTH pad 84 [+VINH] of J16

** Found 0 Footprint errors **

** End of Report **
